
[2344] PyShellExt::DragEnter -> 0.000s
[2344] PyShellExt::UpdateDropDescription -> 1000.000s
[2344] PyShellExt::DragEnter -> 1.000s
[2344] PyShellExt::GetDragWindow -> 100.000s
[2344] PyShellExt::DragEnter -> 2.000s
[2344] PyShellExt::DragEnter -> 3.000s
[2344] PyShellExt::UpdateDropDescription -> 1001.000s
[2344] PyShellExt::DragEnter -> 4.000s
[2344] PyShellExt::GetDragWindow -> 101.000s
[2344] PyShellExt::DragEnter -> 5.000s
[2344] PyShellExt::UpdateDropDescription -> 1002.000s
[2344] PyShellExt::UpdateDropDescription -> 1003.000s
